// Jest Snapshot v1, https://goo.gl/fbAQLP

exports[`renders ImageOverlay  correctly 1`] = `
<div
  class="tw-relative tw-w-full tw-h-full tw-cursor-pointer"
  data-track-click="picture"
>
  <iconcomponent-stub
    class="
      icon-shadow
      tw-text-white
      hover:tw-text-deep-orange
      tw-absolute tw-hidden
      lg:tw-block
      tw-z-30
      tw-top-2.5
      tw-right-2.5
      tw-left-auto
      tw-cursor-pointer
      tw-h-5
      tw-w-5
    "
    name="maximise"
    size="s"
  />
   
</div>
`;
